Archive member included to satisfy reference by file (symbol)

c:/st/stm32cubeide_1.0.2/stm32cubeide/plugins/com.st.stm32cube.ide.mcu.externaltools.gnu-tools-for-stm32.7-2018-q2-update.win32_1.0.0.201904181610/tools/bin/../lib/gcc/arm-none-eabi/7.3.1/../../../../arm-none-eabi/lib/thumb/v7-m\libc_nano.a(lib_a-errno.o)
                              Src/syscalls.o (__errno)
c:/st/stm32cubeide_1.0.2/stm32cubeide/plugins/com.st.stm32cube.ide.mcu.externaltools.gnu-tools-for-stm32.7-2018-q2-update.win32_1.0.0.201904181610/tools/bin/../lib/gcc/arm-none-eabi/7.3.1/../../../../arm-none-eabi/lib/thumb/v7-m\libc_nano.a(lib_a-exit.o)
                              c:/st/stm32cubeide_1.0.2/stm32cubeide/plugins/com.st.stm32cube.ide.mcu.externaltools.gnu-tools-for-stm32.7-2018-q2-update.win32_1.0.0.201904181610/tools/bin/../lib/gcc/arm-none-eabi/7.3.1/../../../../arm-none-eabi/lib/thumb/v7-m/crt0.o (exit)
c:/st/stm32cubeide_1.0.2/stm32cubeide/plugins/com.st.stm32cube.ide.mcu.externaltools.gnu-tools-for-stm32.7-2018-q2-update.win32_1.0.0.201904181610/tools/bin/../lib/gcc/arm-none-eabi/7.3.1/../../../../arm-none-eabi/lib/thumb/v7-m\libc_nano.a(lib_a-impure.o)
                              c:/st/stm32cubeide_1.0.2/stm32cubeide/plugins/com.st.stm32cube.ide.mcu.externaltools.gnu-tools-for-stm32.7-2018-q2-update.win32_1.0.0.201904181610/tools/bin/../lib/gcc/arm-none-eabi/7.3.1/../../../../arm-none-eabi/lib/thumb/v7-m\libc_nano.a(lib_a-exit.o) (_global_impure_ptr)
c:/st/stm32cubeide_1.0.2/stm32cubeide/plugins/com.st.stm32cube.ide.mcu.externaltools.gnu-tools-for-stm32.7-2018-q2-update.win32_1.0.0.201904181610/tools/bin/../lib/gcc/arm-none-eabi/7.3.1/../../../../arm-none-eabi/lib/thumb/v7-m\libc_nano.a(lib_a-init.o)
                              c:/st/stm32cubeide_1.0.2/stm32cubeide/plugins/com.st.stm32cube.ide.mcu.externaltools.gnu-tools-for-stm32.7-2018-q2-update.win32_1.0.0.201904181610/tools/bin/../lib/gcc/arm-none-eabi/7.3.1/../../../../arm-none-eabi/lib/thumb/v7-m/crt0.o (__libc_init_array)
c:/st/stm32cubeide_1.0.2/stm32cubeide/plugins/com.st.stm32cube.ide.mcu.externaltools.gnu-tools-for-stm32.7-2018-q2-update.win32_1.0.0.201904181610/tools/bin/../lib/gcc/arm-none-eabi/7.3.1/../../../../arm-none-eabi/lib/thumb/v7-m\libc_nano.a(lib_a-memset.o)
                              c:/st/stm32cubeide_1.0.2/stm32cubeide/plugins/com.st.stm32cube.ide.mcu.externaltools.gnu-tools-for-stm32.7-2018-q2-update.win32_1.0.0.201904181610/tools/bin/../lib/gcc/arm-none-eabi/7.3.1/../../../../arm-none-eabi/lib/thumb/v7-m/crt0.o (memset)

Allocating common symbols
Common symbol       size              file

c_SU_RX_Buffer      0x8               Src/main.o
uwTick              0x4               Drivers/STM32F1xx_HAL_Driver/Src/stm32f1xx_hal.o
pFlash              0x20              Drivers/STM32F1xx_HAL_Driver/Src/stm32f1xx_hal_flash.o
SUBuffer            0x10              Src/softuart.o
SUart               0x20              Src/softuart.o
htim2               0x48              Src/main.o

Discarded input sections

 .text          0x0000000000000000        0x0 c:/st/stm32cubeide_1.0.2/stm32cubeide/plugins/com.st.stm32cube.ide.mcu.externaltools.gnu-tools-for-stm32.7-2018-q2-update.win32_1.0.0.201904181610/tools/bin/../lib/gcc/arm-none-eabi/7.3.1/thumb/v7-m/crti.o
 .data          0x0000000000000000        0x0 c:/st/stm32cubeide_1.0.2/stm32cubeide/plugins/com.st.stm32cube.ide.mcu.externaltools.gnu-tools-for-stm32.7-2018-q2-update.win32_1.0.0.201904181610/tools/bin/../lib/gcc/arm-none-eabi/7.3.1/thumb/v7-m/crti.o
 .bss           0x0000000000000000        0x0 c:/st/stm32cubeide_1.0.2/stm32cubeide/plugins/com.st.stm32cube.ide.mcu.externaltools.gnu-tools-for-stm32.7-2018-q2-update.win32_1.0.0.201904181610/tools/bin/../lib/gcc/arm-none-eabi/7.3.1/thumb/v7-m/crti.o
 .data          0x0000000000000000        0x4 c:/st/stm32cubeide_1.0.2/stm32cubeide/plugins/com.st.stm32cube.ide.mcu.externaltools.gnu-tools-for-stm32.7-2018-q2-update.win32_1.0.0.201904181610/tools/bin/../lib/gcc/arm-none-eabi/7.3.1/thumb/v7-m/crtbegin.o
 .text          0x0000000000000000       0x74 c:/st/stm32cubeide_1.0.2/stm32cubeide/plugins/com.st.stm32cube.ide.mcu.externaltools.gnu-tools-for-stm32.7-2018-q2-update.win32_1.0.0.201904181610/tools/bin/../lib/gcc/arm-none-eabi/7.3.1/../../../../arm-none-eabi/lib/thumb/v7-m/crt0.o
 .data          0x0000000000000000        0x0 c:/st/stm32cubeide_1.0.2/stm32cubeide/plugins/com.st.stm32cube.ide.mcu.externaltools.gnu-tools-for-stm32.7-2018-q2-update.win32_1.0.0.201904181610/tools/bin/../lib/gcc/arm-none-eabi/7.3.1/../../../../arm-none-eabi/lib/thumb/v7-m/crt0.o
 .bss           0x0000000000000000        0x0 c:/st/stm32cubeide_1.0.2/stm32cubeide/plugins/com.st.stm32cube.ide.mcu.externaltools.gnu-tools-for-stm32.7-2018-q2-update.win32_1.0.0.201904181610/tools/bin/../lib/gcc/arm-none-eabi/7.3.1/../../../../arm-none-eabi/lib/thumb/v7-m/crt0.o
[...]
Memory Configuration

Name             Origin             Length             Attributes
RAM              0x0000000020000000 0x0000000000005000 xrw
FLASH            0x0000000008000000 0x0000000000010000 xr
*default*        0x0000000000000000 0xffffffffffffffff

Linker script and memory map

LOAD c:/st/stm32cubeide_1.0.2/stm32cubeide/plugins/com.st.stm32cube.ide.mcu.externaltools.gnu-tools-for-stm32.7-2018-q2-update.win32_1.0.0.201904181610/tools/bin/../lib/gcc/arm-none-eabi/7.3.1/thumb/v7-m/crti.o
LOAD c:/st/stm32cubeide_1.0.2/stm32cubeide/plugins/com.st.stm32cube.ide.mcu.externaltools.gnu-tools-for-stm32.7-2018-q2-update.win32_1.0.0.201904181610/tools/bin/../lib/gcc/arm-none-eabi/7.3.1/thumb/v7-m/crtbegin.o
LOAD c:/st/stm32cubeide_1.0.2/stm32cubeide/plugins/com.st.stm32cube.ide.mcu.externaltools.gnu-tools-for-stm32.7-2018-q2-update.win32_1.0.0.201904181610/tools/bin/../lib/gcc/arm-none-eabi/7.3.1/../../../../arm-none-eabi/lib/thumb/v7-m/crt0.o
LOAD Drivers/STM32F1xx_HAL_Driver/Src/stm32f1xx_hal.o
LOAD Drivers/STM32F1xx_HAL_Driver/Src/stm32f1xx_hal_cortex.o
LOAD Drivers/STM32F1xx_HAL_Driver/Src/stm32f1xx_hal_dma.o
LOAD Drivers/STM32F1xx_HAL_Driver/Src/stm32f1xx_hal_exti.o
LOAD Drivers/STM32F1xx_HAL_Driver/Src/stm32f1xx_hal_flash.o
LOAD Drivers/STM32F1xx_HAL_Driver/Src/stm32f1xx_hal_flash_ex.o
LOAD Drivers/STM32F1xx_HAL_Driver/Src/stm32f1xx_hal_gpio.o
LOAD Drivers/STM32F1xx_HAL_Driver/Src/stm32f1xx_hal_gpio_ex.o
LOAD Drivers/STM32F1xx_HAL_Driver/Src/stm32f1xx_hal_pwr.o
LOAD Drivers/STM32F1xx_HAL_Driver/Src/stm32f1xx_hal_rcc.o
LOAD Drivers/STM32F1xx_HAL_Driver/Src/stm32f1xx_hal_rcc_ex.o
LOAD Drivers/STM32F1xx_HAL_Driver/Src/stm32f1xx_hal_tim.o
LOAD Drivers/STM32F1xx_HAL_Driver/Src/stm32f1xx_hal_tim_ex.o
LOAD Src/main.o
LOAD Src/softuart.o
LOAD Src/stm32f1xx_hal_msp.o
LOAD Src/stm32f1xx_it.o
LOAD Src/syscalls.o
LOAD Src/sysmem.o
LOAD Src/system_stm32f1xx.o
LOAD Startup/startup_stm32f103c8tx.o
START GROUP
LOAD c:/st/stm32cubeide_1.0.2/stm32cubeide/plugins/com.st.stm32cube.ide.mcu.externaltools.gnu-tools-for-stm32.7-2018-q2-update.win32_1.0.0.201904181610/tools/bin/../lib/gcc/arm-none-eabi/7.3.1/../../../../arm-none-eabi/lib/thumb/v7-m\libc_nano.a
LOAD c:/st/stm32cubeide_1.0.2/stm32cubeide/plugins/com.st.stm32cube.ide.mcu.externaltools.gnu-tools-for-stm32.7-2018-q2-update.win32_1.0.0.201904181610/tools/bin/../lib/gcc/arm-none-eabi/7.3.1/../../../../arm-none-eabi/lib/thumb/v7-m\libm.a
END GROUP
START GROUP
LOAD c:/st/stm32cubeide_1.0.2/stm32cubeide/plugins/com.st.stm32cube.ide.mcu.externaltools.gnu-tools-for-stm32.7-2018-q2-update.win32_1.0.0.201904181610/tools/bin/../lib/gcc/arm-none-eabi/7.3.1/thumb/v7-m\libgcc.a
LOAD c:/st/stm32cubeide_1.0.2/stm32cubeide/plugins/com.st.stm32cube.ide.mcu.externaltools.gnu-tools-for-stm32.7-2018-q2-update.win32_1.0.0.201904181610/tools/bin/../lib/gcc/arm-none-eabi/7.3.1/../../../../arm-none-eabi/lib/thumb/v7-m\libc_nano.a
END GROUP
START GROUP
LOAD c:/st/stm32cubeide_1.0.2/stm32cubeide/plugins/com.st.stm32cube.ide.mcu.externaltools.gnu-tools-for-stm32.7-2018-q2-update.win32_1.0.0.201904181610/tools/bin/../lib/gcc/arm-none-eabi/7.3.1/thumb/v7-m\libgcc.a
LOAD c:/st/stm32cubeide_1.0.2/stm32cubeide/plugins/com.st.stm32cube.ide.mcu.externaltools.gnu-tools-for-stm32.7-2018-q2-update.win32_1.0.0.201904181610/tools/bin/../lib/gcc/arm-none-eabi/7.3.1/../../../../arm-none-eabi/lib/thumb/v7-m\libc_nano.a
LOAD c:/st/stm32cubeide_1.0.2/stm32cubeide/plugins/com.st.stm32cube.ide.mcu.externaltools.gnu-tools-for-stm32.7-2018-q2-update.win32_1.0.0.201904181610/tools/bin/../lib/gcc/arm-none-eabi/7.3.1/../../../../arm-none-eabi/lib/thumb/v7-m\libnosys.a
END GROUP
START GROUP
LOAD c:/st/stm32cubeide_1.0.2/stm32cubeide/plugins/com.st.stm32cube.ide.mcu.externaltools.gnu-tools-for-stm32.7-2018-q2-update.win32_1.0.0.201904181610/tools/bin/../lib/gcc/arm-none-eabi/7.3.1/thumb/v7-m\libgcc.a
LOAD c:/st/stm32cubeide_1.0.2/stm32cubeide/plugins/com.st.stm32cube.ide.mcu.externaltools.gnu-tools-for-stm32.7-2018-q2-update.win32_1.0.0.201904181610/tools/bin/../lib/gcc/arm-none-eabi/7.3.1/../../../../arm-none-eabi/lib/thumb/v7-m\libc_nano.a
LOAD c:/st/stm32cubeide_1.0.2/stm32cubeide/plugins/com.st.stm32cube.ide.mcu.externaltools.gnu-tools-for-stm32.7-2018-q2-update.win32_1.0.0.201904181610/tools/bin/../lib/gcc/arm-none-eabi/7.3.1/../../../../arm-none-eabi/lib/thumb/v7-m\libnosys.a
END GROUP
LOAD c:/st/stm32cubeide_1.0.2/stm32cubeide/plugins/com.st.stm32cube.ide.mcu.externaltools.gnu-tools-for-stm32.7-2018-q2-update.win32_1.0.0.201904181610/tools/bin/../lib/gcc/arm-none-eabi/7.3.1/thumb/v7-m/crtend.o
LOAD c:/st/stm32cubeide_1.0.2/stm32cubeide/plugins/com.st.stm32cube.ide.mcu.externaltools.gnu-tools-for-stm32.7-2018-q2-update.win32_1.0.0.201904181610/tools/bin/../lib/gcc/arm-none-eabi/7.3.1/thumb/v7-m/crtn.o
                0x0000000020005000                _estack = 0x20005000
                0x0000000000000200                _Min_Heap_Size = 0x200
                0x0000000000000400                _Min_Stack_Size = 0x400

.isr_vector     0x0000000008000000      0x10c
                0x0000000008000000                . = ALIGN (0x4)
 *(.isr_vector)
 .isr_vector    0x0000000008000000      0x10c Startup/startup_stm32f103c8tx.o
                0x0000000008000000                g_pfnVectors
                0x000000000800010c                . = ALIGN (0x4)

.text           0x000000000800010c     0x2154
                0x000000000800010c                . = ALIGN (0x4)
 *(.text)
 .text          0x000000000800010c       0x40 c:/st/stm32cubeide_1.0.2/stm32cubeide/plugins/com.st.stm32cube.ide.mcu.externaltools.gnu-tools-for-stm32.7-2018-q2-update.win32_1.0.0.201904181610/tools/bin/../lib/gcc/arm-none-eabi/7.3.1/thumb/v7-m/crtbegin.o
 *(.text*)
 .text.HAL_Init
                0x000000000800014c       0x2c Drivers/STM32F1xx_HAL_Driver/Src/stm32f1xx_hal.o
                0x000000000800014c                HAL_Init
 .text.HAL_InitTick
                0x0000000008000178       0x60 Drivers/STM32F1xx_HAL_Driver/Src/stm32f1xx_hal.o
                0x0000000008000178                HAL_InitTick
 .text.HAL_IncTick
                0x00000000080001d8       0x24 Drivers/STM32F1xx_HAL_Driver/Src/stm32f1xx_hal.o
                0x00000000080001d8                HAL_IncTick
 .text.HAL_GetTick
                0x00000000080001fc       0x14 Drivers/STM32F1xx_HAL_Driver/Src/stm32f1xx_hal.o
                0x00000000080001fc                HAL_GetTick
 .text.HAL_Delay
                0x0000000008000210       0x44 Drivers/STM32F1xx_HAL_Driver/Src/stm32f1xx_hal.o
                0x0000000008000210                HAL_Delay
 .text.__NVIC_SetPriorityGrouping
                0x0000000008000254       0x48 Drivers/STM32F1xx_HAL_Driver/Src/stm32f1xx_hal_cortex.o
 .text.__NVIC_GetPriorityGrouping
                0x000000000800029c       0x1c Drivers/STM32F1xx_HAL_Driver/Src/stm32f1xx_hal_cortex.o
 .text.__NVIC_EnableIRQ
                0x00000000080002b8       0x38 Drivers/STM32F1xx_HAL_Driver/Src/stm32f1xx_hal_cortex.o
 .text.__NVIC_SetPriority
                0x00000000080002f0       0x54 Drivers/STM32F1xx_HAL_Driver/Src/stm32f1xx_hal_cortex.o
 .text.NVIC_EncodePriority
                0x0000000008000344       0x64 Drivers/STM32F1xx_HAL_Driver/Src/stm32f1xx_hal_cortex.o
 .text.SysTick_Config
                0x00000000080003a8       0x44 Drivers/STM32F1xx_HAL_Driver/Src/stm32f1xx_hal_cortex.o
 .text.HAL_NVIC_SetPriorityGrouping
                0x00000000080003ec       0x16 Drivers/STM32F1xx_HAL_Driver/Src/stm32f1xx_hal_cortex.o
                0x00000000080003ec                HAL_NVIC_SetPriorityGrouping
 .text.HAL_NVIC_SetPriority
                0x0000000008000402       0x38 Drivers/STM32F1xx_HAL_Driver/Src/stm32f1xx_hal_cortex.o
                0x0000000008000402                HAL_NVIC_SetPriority
 .text.HAL_NVIC_EnableIRQ
                0x000000000800043a       0x1c Drivers/STM32F1xx_HAL_Driver/Src/stm32f1xx_hal_cortex.o
                0x000000000800043a                HAL_NVIC_EnableIRQ
 .text.HAL_SYSTICK_Config
                0x0000000008000456       0x18 Drivers/STM32F1xx_HAL_Driver/Src/stm32f1xx_hal_cortex.o
                0x0000000008000456                HAL_SYSTICK_Config
 *fill*         0x000000000800046e        0x2 
 .text.HAL_GPIO_Init
                0x0000000008000470      0x2b4 Drivers/STM32F1xx_HAL_Driver/Src/stm32f1xx_hal_gpio.o
                0x0000000008000470                HAL_GPIO_Init
 .text.HAL_GPIO_ReadPin
                0x0000000008000724       0x2e Drivers/STM32F1xx_HAL_Driver/Src/stm32f1xx_hal_gpio.o
                0x0000000008000724                HAL_GPIO_ReadPin
 .text.HAL_GPIO_WritePin
                0x0000000008000752       0x30 Drivers/STM32F1xx_HAL_Driver/Src/stm32f1xx_hal_gpio.o
                0x0000000008000752                HAL_GPIO_WritePin
 *fill*         0x0000000008000782        0x2 
 .text.HAL_RCC_OscConfig
                0x0000000008000784      0x500 Drivers/STM32F1xx_HAL_Driver/Src/stm32f1xx_hal_rcc.o
                0x0000000008000784                HAL_RCC_OscConfig
 .text.HAL_RCC_ClockConfig
                0x0000000008000c84      0x1d4 Drivers/STM32F1xx_HAL_Driver/Src/stm32f1xx_hal_rcc.o
                0x0000000008000c84                HAL_RCC_ClockConfig
 .text.HAL_RCC_GetSysClockFreq
                0x0000000008000e58       0xc4 Drivers/STM32F1xx_HAL_Driver/Src/stm32f1xx_hal_rcc.o
                0x0000000008000e58                HAL_RCC_GetSysClockFreq
 .text.RCC_Delay
                0x0000000008000f1c       0x3c Drivers/STM32F1xx_HAL_Driver/Src/stm32f1xx_hal_rcc.o
 .text.HAL_TIM_Base_Init
                0x0000000008000f58       0x9e Drivers/STM32F1xx_HAL_Driver/Src/stm32f1xx_hal_tim.o
                0x0000000008000f58                HAL_TIM_Base_Init
 *fill*         0x0000000008000ff6        0x2 
 .text.HAL_TIM_Base_Start_IT
                0x0000000008000ff8       0xa4 Drivers/STM32F1xx_HAL_Driver/Src/stm32f1xx_hal_tim.o
                0x0000000008000ff8                HAL_TIM_Base_Start_IT
 .text.HAL_TIM_IRQHandler
                0x000000000800109c      0x210 Drivers/STM32F1xx_HAL_Driver/Src/stm32f1xx_hal_tim.o
                0x000000000800109c                HAL_TIM_IRQHandler
 .text.HAL_TIM_ConfigClockSource
                0x00000000080012ac      0x16e Drivers/STM32F1xx_HAL_Driver/Src/stm32f1xx_hal_tim.o
                0x00000000080012ac                HAL_TIM_ConfigClockSource
 .text.HAL_TIM_OC_DelayElapsedCallback
                0x000000000800141a       0x12 Drivers/STM32F1xx_HAL_Driver/Src/stm32f1xx_hal_tim.o
                0x000000000800141a                HAL_TIM_OC_DelayElapsedCallback
 .text.HAL_TIM_IC_CaptureCallback
                0x000000000800142c       0x12 Drivers/STM32F1xx_HAL_Driver/Src/stm32f1xx_hal_tim.o
                0x000000000800142c                HAL_TIM_IC_CaptureCallback
 .text.HAL_TIM_PWM_PulseFinishedCallback
                0x000000000800143e       0x12 Drivers/STM32F1xx_HAL_Driver/Src/stm32f1xx_hal_tim.o
                0x000000000800143e                HAL_TIM_PWM_PulseFinishedCallback
 .text.HAL_TIM_TriggerCallback
                0x0000000008001450       0x12 Drivers/STM32F1xx_HAL_Driver/Src/stm32f1xx_hal_tim.o
                0x0000000008001450                HAL_TIM_TriggerCallback
 *fill*         0x0000000008001462        0x2 
 .text.TIM_Base_SetConfig
                0x0000000008001464       0xc4 Drivers/STM32F1xx_HAL_Driver/Src/stm32f1xx_hal_tim.o
                0x0000000008001464                TIM_Base_SetConfig
 .text.TIM_TI1_ConfigInputStage
                0x0000000008001528       0x5c Drivers/STM32F1xx_HAL_Driver/Src/stm32f1xx_hal_tim.o
 .text.TIM_TI2_ConfigInputStage
                0x0000000008001584       0x5e Drivers/STM32F1xx_HAL_Driver/Src/stm32f1xx_hal_tim.o
 .text.TIM_ITRx_SetConfig
                0x00000000080015e2       0x34 Drivers/STM32F1xx_HAL_Driver/Src/stm32f1xx_hal_tim.o
 .text.TIM_ETR_SetConfig
                0x0000000008001616       0x3e Drivers/STM32F1xx_HAL_Driver/Src/stm32f1xx_hal_tim.o
                0x0000000008001616                TIM_ETR_SetConfig
 .text.HAL_TIMEx_MasterConfigSynchronization
                0x0000000008001654       0xbc Drivers/STM32F1xx_HAL_Driver/Src/stm32f1xx_hal_tim_ex.o
                0x0000000008001654                HAL_TIMEx_MasterConfigSynchronization
 .text.HAL_TIMEx_CommutCallback
                0x0000000008001710       0x12 Drivers/STM32F1xx_HAL_Driver/Src/stm32f1xx_hal_tim_ex.o
                0x0000000008001710                HAL_TIMEx_CommutCallback
 .text.HAL_TIMEx_BreakCallback
                0x0000000008001722       0x12 Drivers/STM32F1xx_HAL_Driver/Src/stm32f1xx_hal_tim_ex.o
                0x0000000008001722                HAL_TIMEx_BreakCallback
 .text.HAL_TIM_PeriodElapsedCallback
                0x0000000008001734       0x1e Src/main.o
                0x0000000008001734                HAL_TIM_PeriodElapsedCallback
 .text.getchar  0x0000000008001752       0x32 Src/main.o
                0x0000000008001752                getchar
 .text.main     0x0000000008001784       0x74 Src/main.o
                0x0000000008001784                main
 .text.SystemClock_Config
                0x00000000080017f8       0x8a Src/main.o
                0x00000000080017f8                SystemClock_Config
 *fill*         0x0000000008001882        0x2 
 .text.MX_TIM2_Init
                0x0000000008001884       0x98 Src/main.o
 .text.MX_GPIO_Init
                0x000000000800191c       0xb0 Src/main.o
 .text.Error_Handler
                0x00000000080019cc        0xc Src/main.o
                0x00000000080019cc                Error_Handler
 .text.SoftUartGpioReadPin
                0x00000000080019d8       0x20 Src/softuart.o
                0x00000000080019d8                SoftUartGpioReadPin
 .text.SoftUartGpioWritePin
                0x00000000080019f8       0x24 Src/softuart.o
                0x00000000080019f8                SoftUartGpioWritePin
 .text.SoftUartInit
                0x0000000008001a1c      0x124 Src/softuart.o
                0x0000000008001a1c                SoftUartInit
 .text.SoftUartTransmitBit
                0x0000000008001b40       0x24 Src/softuart.o
                0x0000000008001b40                SoftUartTransmitBit
 .text.SoftUartEnableRx
                0x0000000008001b64       0x34 Src/softuart.o
                0x0000000008001b64                SoftUartEnableRx
 .text.SoftUartRxAlavailable
                0x0000000008001b98       0x24 Src/softuart.o
                0x0000000008001b98                SoftUartRxAlavailable
 .text.SoftUartReadRxBuffer
                0x0000000008001bbc       0xc8 Src/softuart.o
                0x0000000008001bbc                SoftUartReadRxBuffer
 .text.SoftUartTxProcess
                0x0000000008001c84       0xe6 Src/softuart.o
                0x0000000008001c84                SoftUartTxProcess
 .text.SoftUartRxDataBitProcess
                0x0000000008001d6a       0xd0 Src/softuart.o
                0x0000000008001d6a                SoftUartRxDataBitProcess
 *fill*         0x0000000008001e3a        0x2 
 .text.SoftUartWaitUntilTxComplate
                0x0000000008001e3c       0x2c Src/softuart.o
                0x0000000008001e3c                SoftUartWaitUntilTxComplate
 .text.SoftUartPuts
                0x0000000008001e68       0xa4 Src/softuart.o
                0x0000000008001e68                SoftUartPuts
 .text.SoftUartScanRxPorts
                0x0000000008001f0c       0xcc Src/softuart.o
                0x0000000008001f0c                SoftUartScanRxPorts
 .text.SoftUartHandler
                0x0000000008001fd8       0xac Src/softuart.o
                0x0000000008001fd8                SoftUartHandler
 .text.HAL_MspInit
                0x0000000008002084       0x64 Src/stm32f1xx_hal_msp.o
                0x0000000008002084                HAL_MspInit
 .text.HAL_TIM_Base_MspInit
                0x00000000080020e8       0x48 Src/stm32f1xx_hal_msp.o
                0x00000000080020e8                HAL_TIM_Base_MspInit
 .text.NMI_Handler
                0x0000000008002130        0xc Src/stm32f1xx_it.o
                0x0000000008002130                NMI_Handler
 .text.HardFault_Handler
                0x000000000800213c        0x6 Src/stm32f1xx_it.o
                0x000000000800213c                HardFault_Handler
 .text.MemManage_Handler
                0x0000000008002142        0x6 Src/stm32f1xx_it.o
                0x0000000008002142                MemManage_Handler
 .text.BusFault_Handler
                0x0000000008002148        0x6 Src/stm32f1xx_it.o
                0x0000000008002148                BusFault_Handler
 .text.UsageFault_Handler
                0x000000000800214e        0x6 Src/stm32f1xx_it.o
                0x000000000800214e                UsageFault_Handler
 .text.SVC_Handler
                0x0000000008002154        0xc Src/stm32f1xx_it.o
                0x0000000008002154                SVC_Handler
 .text.DebugMon_Handler
                0x0000000008002160        0xc Src/stm32f1xx_it.o
                0x0000000008002160                DebugMon_Handler
 .text.PendSV_Handler
                0x000000000800216c        0xc Src/stm32f1xx_it.o
                0x000000000800216c                PendSV_Handler
 .text.SysTick_Handler
                0x0000000008002178        0xc Src/stm32f1xx_it.o
                0x0000000008002178                SysTick_Handler
 .text.TIM2_IRQHandler
                0x0000000008002184       0x14 Src/stm32f1xx_it.o
                0x0000000008002184                TIM2_IRQHandler
 .text.SystemInit
                0x0000000008002198        0xc Src/system_stm32f1xx.o
                0x0000000008002198                SystemInit
 .text.Reset_Handler
                0x00000000080021a4       0x48 Startup/startup_stm32f103c8tx.o
                0x00000000080021a4                Reset_Handler
 .text.Default_Handler
                0x00000000080021ec        0x2 Startup/startup_stm32f103c8tx.o
                0x00000000080021ec                RTC_Alarm_IRQHandler
                0x00000000080021ec                EXTI2_IRQHandler
                0x00000000080021ec                TIM1_CC_IRQHandler
                0x00000000080021ec                PVD_IRQHandler
                0x00000000080021ec                EXTI3_IRQHandler
                0x00000000080021ec                EXTI0_IRQHandler
                0x00000000080021ec                I2C2_EV_IRQHandler
                0x00000000080021ec                ADC1_2_IRQHandler
                0x00000000080021ec                SPI1_IRQHandler
                0x00000000080021ec                TAMPER_IRQHandler
                0x00000000080021ec                DMA1_Channel4_IRQHandler
                0x00000000080021ec                USART3_IRQHandler
                0x00000000080021ec                RTC_IRQHandler
                0x00000000080021ec                DMA1_Channel7_IRQHandler
                0x00000000080021ec                CAN1_RX1_IRQHandler
                0x00000000080021ec                TIM4_IRQHandler
                0x00000000080021ec                I2C1_EV_IRQHandler
                0x00000000080021ec                DMA1_Channel6_IRQHandler
                0x00000000080021ec                TIM3_IRQHandler
                0x00000000080021ec                RCC_IRQHandler
                0x00000000080021ec                TIM1_TRG_COM_IRQHandler
                0x00000000080021ec                DMA1_Channel1_IRQHandler
                0x00000000080021ec                Default_Handler
                0x00000000080021ec                EXTI15_10_IRQHandler
                0x00000000080021ec                EXTI9_5_IRQHandler
                0x00000000080021ec                SPI2_IRQHandler
                0x00000000080021ec                DMA1_Channel5_IRQHandler
                0x00000000080021ec                EXTI4_IRQHandler
                0x00000000080021ec                USB_LP_CAN1_RX0_IRQHandler
                0x00000000080021ec                USB_HP_CAN1_TX_IRQHandler
                0x00000000080021ec                DMA1_Channel3_IRQHandler
                0x00000000080021ec                TIM1_UP_IRQHandler
                0x00000000080021ec                WWDG_IRQHandler
                0x00000000080021ec                TIM1_BRK_IRQHandler
                0x00000000080021ec                EXTI1_IRQHandler
                0x00000000080021ec                USART2_IRQHandler
                0x00000000080021ec                I2C2_ER_IRQHandler
                0x00000000080021ec                DMA1_Channel2_IRQHandler
                0x00000000080021ec                CAN1_SCE_IRQHandler
                0x00000000080021ec                FLASH_IRQHandler
                0x00000000080021ec                USART1_IRQHandler
                0x00000000080021ec                I2C1_ER_IRQHandler
                0x00000000080021ec                USBWakeUp_IRQHandler
 *fill*         0x00000000080021ee        0x2 
 .text.__libc_init_array
                0x00000000080021f0       0x48 c:/st/stm32cubeide_1.0.2/stm32cubeide/plugins/com.st.stm32cube.ide.mcu.externaltools.gnu-tools-for-stm32.7-2018-q2-update.win32_1.0.0.201904181610/tools/bin/../lib/gcc/arm-none-eabi/7.3.1/../../../../arm-none-eabi/lib/thumb/v7-m\libc_nano.a(lib_a-init.o)
                0x00000000080021f0                __libc_init_array
 .text.memset   0x0000000008002238       0x10 c:/st/stm32cubeide_1.0.2/stm32cubeide/plugins/com.st.stm32cube.ide.mcu.externaltools.gnu-tools-for-stm32.7-2018-q2-update.win32_1.0.0.201904181610/tools/bin/../lib/gcc/arm-none-eabi/7.3.1/../../../../arm-none-eabi/lib/thumb/v7-m\libc_nano.a(lib_a-memset.o)
                0x0000000008002238                memset
 *(.glue_7)
 .glue_7        0x0000000008002248        0x0 linker stubs
 *(.glue_7t)
 .glue_7t       0x0000000008002248        0x0 linker stubs
 *(.eh_frame)
 .eh_frame      0x0000000008002248        0x0 c:/st/stm32cubeide_1.0.2/stm32cubeide/plugins/com.st.stm32cube.ide.mcu.externaltools.gnu-tools-for-stm32.7-2018-q2-update.win32_1.0.0.201904181610/tools/bin/../lib/gcc/arm-none-eabi/7.3.1/thumb/v7-m/crtbegin.o
 *(.init)
 .init          0x0000000008002248        0x4 c:/st/stm32cubeide_1.0.2/stm32cubeide/plugins/com.st.stm32cube.ide.mcu.externaltools.gnu-tools-for-stm32.7-2018-q2-update.win32_1.0.0.201904181610/tools/bin/../lib/gcc/arm-none-eabi/7.3.1/thumb/v7-m/crti.o
                0x0000000008002248                _init
 .init          0x000000000800224c        0x8 c:/st/stm32cubeide_1.0.2/stm32cubeide/plugins/com.st.stm32cube.ide.mcu.externaltools.gnu-tools-for-stm32.7-2018-q2-update.win32_1.0.0.201904181610/tools/bin/../lib/gcc/arm-none-eabi/7.3.1/thumb/v7-m/crtn.o
 *(.fini)
 .fini          0x0000000008002254        0x4 c:/st/stm32cubeide_1.0.2/stm32cubeide/plugins/com.st.stm32cube.ide.mcu.externaltools.gnu-tools-for-stm32.7-2018-q2-update.win32_1.0.0.201904181610/tools/bin/../lib/gcc/arm-none-eabi/7.3.1/thumb/v7-m/crti.o
                0x0000000008002254                _fini
 .fini          0x0000000008002258        0x8 c:/st/stm32cubeide_1.0.2/stm32cubeide/plugins/com.st.stm32cube.ide.mcu.externaltools.gnu-tools-for-stm32.7-2018-q2-update.win32_1.0.0.201904181610/tools/bin/../lib/gcc/arm-none-eabi/7.3.1/thumb/v7-m/crtn.o
                0x0000000008002260                . = ALIGN (0x4)
                0x0000000008002260                _etext = .

.vfp11_veneer   0x0000000008002260        0x0
 .vfp11_veneer  0x0000000008002260        0x0 linker stubs

.v4_bx          0x0000000008002260        0x0
 .v4_bx         0x0000000008002260        0x0 linker stubs

.iplt           0x0000000008002260        0x0
 .iplt          0x0000000008002260        0x0 c:/st/stm32cubeide_1.0.2/stm32cubeide/plugins/com.st.stm32cube.ide.mcu.externaltools.gnu-tools-for-stm32.7-2018-q2-update.win32_1.0.0.201904181610/tools/bin/../lib/gcc/arm-none-eabi/7.3.1/thumb/v7-m/crtbegin.o

.rodata         0x0000000008002260       0x2c
                0x0000000008002260                . = ALIGN (0x4)
 *(.rodata)
 .rodata        0x0000000008002260       0x12 Drivers/STM32F1xx_HAL_Driver/Src/stm32f1xx_hal_rcc.o
 *fill*         0x0000000008002272        0x2 
 .rodata        0x0000000008002274        0x7 Src/main.o
 *(.rodata*)
 *fill*         0x000000000800227b        0x1 
 .rodata.AHBPrescTable
                0x000000000800227c       0x10 Src/system_stm32f1xx.o
                0x000000000800227c                AHBPrescTable
                0x000000000800228c                . = ALIGN (0x4)

.rel.dyn        0x000000000800228c        0x0
 .rel.iplt      0x000000000800228c        0x0 c:/st/stm32cubeide_1.0.2/stm32cubeide/plugins/com.st.stm32cube.ide.mcu.externaltools.gnu-tools-for-stm32.7-2018-q2-update.win32_1.0.0.201904181610/tools/bin/../lib/gcc/arm-none-eabi/7.3.1/thumb/v7-m/crtbegin.o

.ARM.extab      0x000000000800228c        0x0
                0x000000000800228c                . = ALIGN (0x4)
 *(.ARM.extab* .gnu.linkonce.armextab.*)
                0x000000000800228c                . = ALIGN (0x4)

.ARM            0x000000000800228c        0x0
                0x000000000800228c                . = ALIGN (0x4)
                0x000000000800228c                __exidx_start = .
 *(.ARM.exidx*)
                0x000000000800228c                __exidx_end = .
                0x000000000800228c                . = ALIGN (0x4)

.preinit_array  0x000000000800228c        0x0
                0x000000000800228c                . = ALIGN (0x4)
                0x000000000800228c                PROVIDE (__preinit_array_start = .)
 *(.preinit_array*)
                0x000000000800228c                PROVIDE (__preinit_array_end = .)
                0x000000000800228c                . = ALIGN (0x4)

.init_array     0x000000000800228c        0x4
                0x000000000800228c                . = ALIGN (0x4)
                0x000000000800228c                PROVIDE (__init_array_start = .)
 *(SORT_BY_NAME(.init_array.*))
 *(.init_array*)
 .init_array    0x000000000800228c        0x4 c:/st/stm32cubeide_1.0.2/stm32cubeide/plugins/com.st.stm32cube.ide.mcu.externaltools.gnu-tools-for-stm32.7-2018-q2-update.win32_1.0.0.201904181610/tools/bin/../lib/gcc/arm-none-eabi/7.3.1/thumb/v7-m/crtbegin.o
                0x0000000008002290                PROVIDE (__init_array_end = .)
                0x0000000008002290                . = ALIGN (0x4)

.fini_array     0x0000000008002290        0x4
                0x0000000008002290                . = ALIGN (0x4)
                [!provide]                        PROVIDE (__fini_array_start = .)
 *(SORT_BY_NAME(.fini_array.*))
 *(.fini_array*)
 .fini_array    0x0000000008002290        0x4 c:/st/stm32cubeide_1.0.2/stm32cubeide/plugins/com.st.stm32cube.ide.mcu.externaltools.gnu-tools-for-stm32.7-2018-q2-update.win32_1.0.0.201904181610/tools/bin/../lib/gcc/arm-none-eabi/7.3.1/thumb/v7-m/crtbegin.o
                [!provide]                        PROVIDE (__fini_array_end = .)
                0x0000000008002294                . = ALIGN (0x4)
                0x0000000008002294                _sidata = LOADADDR (.data)

.data           0x0000000020000000        0xc load address 0x0000000008002294
                0x0000000020000000                . = ALIGN (0x4)
                0x0000000020000000                _sdata = .
 *(.data)
 *(.data*)
 .data.uwTickPrio
                0x0000000020000000        0x4 Drivers/STM32F1xx_HAL_Driver/Src/stm32f1xx_hal.o
                0x0000000020000000                uwTickPrio
 .data.uwTickFreq
                0x0000000020000004        0x1 Drivers/STM32F1xx_HAL_Driver/Src/stm32f1xx_hal.o
                0x0000000020000004                uwTickFreq
 *fill*         0x0000000020000005        0x3 
 .data.SystemCoreClock
                0x0000000020000008        0x4 Src/system_stm32f1xx.o
                0x0000000020000008                SystemCoreClock
                0x000000002000000c                . = ALIGN (0x4)
                0x000000002000000c                _edata = .

.igot.plt       0x000000002000000c        0x0 load address 0x00000000080022a0
 .igot.plt      0x000000002000000c        0x0 c:/st/stm32cubeide_1.0.2/stm32cubeide/plugins/com.st.stm32cube.ide.mcu.externaltools.gnu-tools-for-stm32.7-2018-q2-update.win32_1.0.0.201904181610/tools/bin/../lib/gcc/arm-none-eabi/7.3.1/thumb/v7-m/crtbegin.o
                0x000000002000000c                . = ALIGN (0x4)

.bss            0x000000002000000c       0xa4 load address 0x00000000080022a0
                0x000000002000000c                _sbss = .
                0x000000002000000c                __bss_start__ = _sbss
 *(.bss)
 .bss           0x000000002000000c       0x1c c:/st/stm32cubeide_1.0.2/stm32cubeide/plugins/com.st.stm32cube.ide.mcu.externaltools.gnu-tools-for-stm32.7-2018-q2-update.win32_1.0.0.201904181610/tools/bin/../lib/gcc/arm-none-eabi/7.3.1/thumb/v7-m/crtbegin.o
 *(.bss*)
 .bss.SU_Timer  0x0000000020000028        0x1 Src/softuart.o
                0x0000000020000028                SU_Timer
 *(COMMON)
 *fill*         0x0000000020000029        0x3 
 COMMON         0x000000002000002c        0x4 Drivers/STM32F1xx_HAL_Driver/Src/stm32f1xx_hal.o
                0x000000002000002c                uwTick
 COMMON         0x0000000020000030       0x50 Src/main.o
                0x0000000020000030                c_SU_RX_Buffer
                0x0000000020000038                htim2
 COMMON         0x0000000020000080       0x30 Src/softuart.o
                0x0000000020000080                SUBuffer
                0x0000000020000090                SUart
                0x00000000200000b0                . = ALIGN (0x4)
                0x00000000200000b0                _ebss = .
                0x00000000200000b0                __bss_end__ = _ebss

._user_heap_stack
                0x00000000200000b0      0x600 load address 0x00000000080022a0
                0x00000000200000b0                . = ALIGN (0x8)
                0x00000000200000b0                PROVIDE (end = .)
                [!provide]                        PROVIDE (_end = .)
                0x00000000200002b0                . = (. + _Min_Heap_Size)
 *fill*         0x00000000200000b0      0x200 
                0x00000000200006b0                . = (. + _Min_Stack_Size)
 *fill*         0x00000000200002b0      0x400 
                0x00000000200006b0                . = ALIGN (0x8)

/DISCARD/
 libc.a(*)
 libm.a(*)
 libgcc.a(*)

.ARM.attributes
                0x0000000000000000       0x29
 *(.ARM.attributes)
 .ARM.attributes
                0x0000000000000000       0x1d c:/st/stm32cubeide_1.0.2/stm32cubeide/plugins/com.st.stm32cube.ide.mcu.externaltools.gnu-tools-for-stm32.7-2018-q2-update.win32_1.0.0.201904181610/tools/bin/../lib/gcc/arm-none-eabi/7.3.1/thumb/v7-m/crti.o
 .ARM.attributes
                0x000000000000001d       0x2d c:/st/stm32cubeide_1.0.2/stm32cubeide/plugins/com.st.stm32cube.ide.mcu.externaltools.gnu-tools-for-stm32.7-2018-q2-update.win32_1.0.0.201904181610/tools/bin/../lib/gcc/arm-none-eabi/7.3.1/thumb/v7-m/crtbegin.o
 .ARM.attributes
                0x000000000000004a       0x33 Drivers/STM32F1xx_HAL_Driver/Src/stm32f1xx_hal.o
 .ARM.attributes
                0x000000000000007d       0x33 Drivers/STM32F1xx_HAL_Driver/Src/stm32f1xx_hal_cortex.o
 .ARM.attributes
                0x00000000000000b0       0x33 Drivers/STM32F1xx_HAL_Driver/Src/stm32f1xx_hal_gpio.o
 .ARM.attributes
                0x00000000000000e3       0x33 Drivers/STM32F1xx_HAL_Driver/Src/stm32f1xx_hal_rcc.o
 .ARM.attributes
                0x0000000000000116       0x33 Drivers/STM32F1xx_HAL_Driver/Src/stm32f1xx_hal_tim.o
 .ARM.attributes
                0x0000000000000149       0x33 Drivers/STM32F1xx_HAL_Driver/Src/stm32f1xx_hal_tim_ex.o
 .ARM.attributes
                0x000000000000017c       0x33 Src/main.o
 .ARM.attributes
                0x00000000000001af       0x33 Src/softuart.o
 .ARM.attributes
                0x00000000000001e2       0x33 Src/stm32f1xx_hal_msp.o
 .ARM.attributes
                0x0000000000000215       0x33 Src/stm32f1xx_it.o
 .ARM.attributes
                0x0000000000000248       0x33 Src/system_stm32f1xx.o
 .ARM.attributes
                0x000000000000027b       0x21 Startup/startup_stm32f103c8tx.o
 .ARM.attributes
                0x000000000000029c       0x2d c:/st/stm32cubeide_1.0.2/stm32cubeide/plugins/com.st.stm32cube.ide.mcu.externaltools.gnu-tools-for-stm32.7-2018-q2-update.win32_1.0.0.201904181610/tools/bin/../lib/gcc/arm-none-eabi/7.3.1/../../../../arm-none-eabi/lib/thumb/v7-m\libc_nano.a(lib_a-init.o)
 .ARM.attributes
                0x00000000000002c9       0x2d c:/st/stm32cubeide_1.0.2/stm32cubeide/plugins/com.st.stm32cube.ide.mcu.externaltools.gnu-tools-for-stm32.7-2018-q2-update.win32_1.0.0.201904181610/tools/bin/../lib/gcc/arm-none-eabi/7.3.1/../../../../arm-none-eabi/lib/thumb/v7-m\libc_nano.a(lib_a-memset.o)
 .ARM.attributes
                0x00000000000002f6       0x1d c:/st/stm32cubeide_1.0.2/stm32cubeide/plugins/com.st.stm32cube.ide.mcu.externaltools.gnu-tools-for-stm32.7-2018-q2-update.win32_1.0.0.201904181610/tools/bin/../lib/gcc/arm-none-eabi/7.3.1/thumb/v7-m/crtn.o
OUTPUT(Soft_UART.elf elf32-littlearm)

.debug_info     0x0000000000000000     0x8277
 .debug_info    0x0000000000000000      0x714 Drivers/STM32F1xx_HAL_Driver/Src/stm32f1xx_hal.o
 .debug_info    0x0000000000000714      0xb51 Drivers/STM32F1xx_HAL_Driver/Src/stm32f1xx_hal_cortex.o
 .debug_info    0x0000000000001265      0x69b Drivers/STM32F1xx_HAL_Driver/Src/stm32f1xx_hal_gpio.o
 .debug_info    0x0000000000001900      0x80f Drivers/STM32F1xx_HAL_Driver/Src/stm32f1xx_hal_rcc.o
 .debug_info    0x000000000000210f     0x27f1 Drivers/STM32F1xx_HAL_Driver/Src/stm32f1xx_hal_tim.o
 .debug_info    0x0000000000004900     0x13ab Drivers/STM32F1xx_HAL_Driver/Src/stm32f1xx_hal_tim_ex.o
 .debug_info    0x0000000000005cab      0xb5a Src/main.o
 .debug_info    0x0000000000006805      0x6d4 Src/softuart.o
 .debug_info    0x0000000000006ed9      0x99f Src/stm32f1xx_hal_msp.o
 .debug_info    0x0000000000007878      0x743 Src/stm32f1xx_it.o
 .debug_info    0x0000000000007fbb      0x29a Src/system_stm32f1xx.o
 .debug_info    0x0000000000008255       0x22 Startup/startup_stm32f103c8tx.o

.debug_abbrev   0x0000000000000000     0x153a
 .debug_abbrev  0x0000000000000000      0x1c7 Drivers/STM32F1xx_HAL_Driver/Src/stm32f1xx_hal.o
 .debug_abbrev  0x00000000000001c7      0x2d5 Drivers/STM32F1xx_HAL_Driver/Src/stm32f1xx_hal_cortex.o
 .debug_abbrev  0x000000000000049c      0x1c0 Drivers/STM32F1xx_HAL_Driver/Src/stm32f1xx_hal_gpio.o
 .debug_abbrev  0x000000000000065c      0x243 Drivers/STM32F1xx_HAL_Driver/Src/stm32f1xx_hal_rcc.o
 .debug_abbrev  0x000000000000089f      0x230 Drivers/STM32F1xx_HAL_Driver/Src/stm32f1xx_hal_tim.o
 .debug_abbrev  0x0000000000000acf      0x236 Drivers/STM32F1xx_HAL_Driver/Src/stm32f1xx_hal_tim_ex.o
 .debug_abbrev  0x0000000000000d05      0x1f1 Src/main.o
 .debug_abbrev  0x0000000000000ef6      0x20d Src/softuart.o
 .debug_abbrev  0x0000000000001103      0x197 Src/stm32f1xx_hal_msp.o
 .debug_abbrev  0x000000000000129a      0x15a Src/stm32f1xx_it.o
 .debug_abbrev  0x00000000000013f4      0x134 Src/system_stm32f1xx.o
 .debug_abbrev  0x0000000000001528       0x12 Startup/startup_stm32f103c8tx.o

.debug_aranges  0x0000000000000000      0x9c0
 .debug_aranges
                0x0000000000000000       0xe0 Drivers/STM32F1xx_HAL_Driver/Src/stm32f1xx_hal.o
 .debug_aranges
                0x00000000000000e0      0x100 Drivers/STM32F1xx_HAL_Driver/Src/stm32f1xx_hal_cortex.o
 .debug_aranges
                0x00000000000001e0       0x58 Drivers/STM32F1xx_HAL_Driver/Src/stm32f1xx_hal_gpio.o
 .debug_aranges
                0x0000000000000238       0x90 Drivers/STM32F1xx_HAL_Driver/Src/stm32f1xx_hal_rcc.o
 .debug_aranges
                0x00000000000002c8      0x3d0 Drivers/STM32F1xx_HAL_Driver/Src/stm32f1xx_hal_tim.o
 .debug_aranges
                0x0000000000000698      0x168 Drivers/STM32F1xx_HAL_Driver/Src/stm32f1xx_hal_tim_ex.o
 .debug_aranges
                0x0000000000000800       0x50 Src/main.o
 .debug_aranges
                0x0000000000000850       0x88 Src/softuart.o
 .debug_aranges
                0x00000000000008d8       0x30 Src/stm32f1xx_hal_msp.o
 .debug_aranges
                0x0000000000000908       0x68 Src/stm32f1xx_it.o
 .debug_aranges
                0x0000000000000970       0x28 Src/system_stm32f1xx.o
 .debug_aranges
                0x0000000000000998       0x28 Startup/startup_stm32f103c8tx.o

.debug_ranges   0x0000000000000000      0x908
 .debug_ranges  0x0000000000000000       0xd0 Drivers/STM32F1xx_HAL_Driver/Src/stm32f1xx_hal.o
 .debug_ranges  0x00000000000000d0       0xf0 Drivers/STM32F1xx_HAL_Driver/Src/stm32f1xx_hal_cortex.o
 .debug_ranges  0x00000000000001c0       0x48 Drivers/STM32F1xx_HAL_Driver/Src/stm32f1xx_hal_gpio.o
 .debug_ranges  0x0000000000000208       0x80 Drivers/STM32F1xx_HAL_Driver/Src/stm32f1xx_hal_rcc.o
 .debug_ranges  0x0000000000000288      0x3c0 Drivers/STM32F1xx_HAL_Driver/Src/stm32f1xx_hal_tim.o
 .debug_ranges  0x0000000000000648      0x158 Drivers/STM32F1xx_HAL_Driver/Src/stm32f1xx_hal_tim_ex.o
 .debug_ranges  0x00000000000007a0       0x40 Src/main.o
 .debug_ranges  0x00000000000007e0       0x78 Src/softuart.o
 .debug_ranges  0x0000000000000858       0x20 Src/stm32f1xx_hal_msp.o
 .debug_ranges  0x0000000000000878       0x58 Src/stm32f1xx_it.o
 .debug_ranges  0x00000000000008d0       0x18 Src/system_stm32f1xx.o
 .debug_ranges  0x00000000000008e8       0x20 Startup/startup_stm32f103c8tx.o

.debug_macro    0x0000000000000000    0x16734
 .debug_macro   0x0000000000000000      0x1bd Drivers/STM32F1xx_HAL_Driver/Src/stm32f1xx_hal.o
 .debug_macro   0x00000000000001bd      0xa5a Drivers/STM32F1xx_HAL_Driver/Src/stm32f1xx_hal.o
 .debug_macro   0x0000000000000c17      0x215 Drivers/STM32F1xx_HAL_Driver/Src/stm32f1xx_hal.o
 .debug_macro   0x0000000000000e2c       0x2e Drivers/STM32F1xx_HAL_Driver/Src/stm32f1xx_hal.o
 .debug_macro   0x0000000000000e5a       0x22 Drivers/STM32F1xx_HAL_Driver/Src/stm32f1xx_hal.o
 .debug_macro   0x0000000000000e7c       0x22 Drivers/STM32F1xx_HAL_Driver/Src/stm32f1xx_hal.o
 .debug_macro   0x0000000000000e9e       0x8e Drivers/STM32F1xx_HAL_Driver/Src/stm32f1xx_hal.o
 .debug_macro   0x0000000000000f2c       0x51 Drivers/STM32F1xx_HAL_Driver/Src/stm32f1xx_hal.o
 .debug_macro   0x0000000000000f7d       0xef Drivers/STM32F1xx_HAL_Driver/Src/stm32f1xx_hal.o
 .debug_macro   0x000000000000106c       0x6a Drivers/STM32F1xx_HAL_Driver/Src/stm32f1xx_hal.o
 .debug_macro   0x00000000000010d6      0x1df Drivers/STM32F1xx_HAL_Driver/Src/stm32f1xx_hal.o
 .debug_macro   0x00000000000012b5       0x1c Drivers/STM32F1xx_HAL_Driver/Src/stm32f1xx_hal.o
 .debug_macro   0x00000000000012d1       0x22 Drivers/STM32F1xx_HAL_Driver/Src/stm32f1xx_hal.o
 .debug_macro   0x00000000000012f3       0xc3 Drivers/STM32F1xx_HAL_Driver/Src/stm32f1xx_hal.o
 .debug_macro   0x00000000000013b6      0xd23 Drivers/STM32F1xx_HAL_Driver/Src/stm32f1xx_hal.o
 .debug_macro   0x00000000000020d9     0xe09e Drivers/STM32F1xx_HAL_Driver/Src/stm32f1xx_hal.o
 .debug_macro   0x0000000000010177       0x6d Drivers/STM32F1xx_HAL_Driver/Src/stm32f1xx_hal.o
 .debug_macro   0x00000000000101e4     0x3468 Drivers/STM32F1xx_HAL_Driver/Src/stm32f1xx_hal.o
 .debug_macro   0x000000000001364c      0x174 Drivers/STM32F1xx_HAL_Driver/Src/stm32f1xx_hal.o
 .debug_macro   0x00000000000137c0       0x5c Drivers/STM32F1xx_HAL_Driver/Src/stm32f1xx_hal.o
 .debug_macro   0x000000000001381c      0x5be Drivers/STM32F1xx_HAL_Driver/Src/stm32f1xx_hal.o
 .debug_macro   0x0000000000013dda      0x289 Drivers/STM32F1xx_HAL_Driver/Src/stm32f1xx_hal.o
 .debug_macro   0x0000000000014063      0x1cb Drivers/STM32F1xx_HAL_Driver/Src/stm32f1xx_hal.o
 .debug_macro   0x000000000001422e      0x114 Drivers/STM32F1xx_HAL_Driver/Src/stm32f1xx_hal.o
 .debug_macro   0x0000000000014342      0x1b2 Drivers/STM32F1xx_HAL_Driver/Src/stm32f1xx_hal.o
 .debug_macro   0x00000000000144f4       0x27 Drivers/STM32F1xx_HAL_Driver/Src/stm32f1xx_hal.o
 .debug_macro   0x000000000001451b      0x136 Drivers/STM32F1xx_HAL_Driver/Src/stm32f1xx_hal.o
 .debug_macro   0x0000000000014651      0x1bc Drivers/STM32F1xx_HAL_Driver/Src/stm32f1xx_hal.o
 .debug_macro   0x000000000001480d       0x34 Drivers/STM32F1xx_HAL_Driver/Src/stm32f1xx_hal.o
 .debug_macro   0x0000000000014841       0x3c Drivers/STM32F1xx_HAL_Driver/Src/stm32f1xx_hal.o
 .debug_macro   0x000000000001487d       0x57 Drivers/STM32F1xx_HAL_Driver/Src/stm32f1xx_hal.o
 .debug_macro   0x00000000000148d4       0x88 Drivers/STM32F1xx_HAL_Driver/Src/stm32f1xx_hal.o
 .debug_macro   0x000000000001495c      0x241 Drivers/STM32F1xx_HAL_Driver/Src/stm32f1xx_hal.o
 .debug_macro   0x0000000000014b9d      0x141 Drivers/STM32F1xx_HAL_Driver/Src/stm32f1xx_hal.o
 .debug_macro   0x0000000000014cde      0x8d1 Drivers/STM32F1xx_HAL_Driver/Src/stm32f1xx_hal.o
 .debug_macro   0x00000000000155af       0x83 Drivers/STM32F1xx_HAL_Driver/Src/stm32f1xx_hal.o
 .debug_macro   0x0000000000015632      0x199 Drivers/STM32F1xx_HAL_Driver/Src/stm32f1xx_hal_cortex.o
 .debug_macro   0x00000000000157cb      0x204 Drivers/STM32F1xx_HAL_Driver/Src/stm32f1xx_hal_gpio.o
 .debug_macro   0x00000000000159cf      0x1ab Drivers/STM32F1xx_HAL_Driver/Src/stm32f1xx_hal_rcc.o
 .debug_macro   0x0000000000015b7a      0x19a Drivers/STM32F1xx_HAL_Driver/Src/stm32f1xx_hal_tim.o
 .debug_macro   0x0000000000015d14      0x199 Drivers/STM32F1xx_HAL_Driver/Src/stm32f1xx_hal_tim_ex.o
 .debug_macro   0x0000000000015ead      0x1b1 Src/main.o
 .debug_macro   0x000000000001605e       0x1c Src/main.o
 .debug_macro   0x000000000001607a       0x16 Src/main.o
 .debug_macro   0x0000000000016090      0x1b1 Src/softuart.o
 .debug_macro   0x0000000000016241      0x1a8 Src/stm32f1xx_hal_msp.o
 .debug_macro   0x00000000000163e9      0x1b2 Src/stm32f1xx_it.o
 .debug_macro   0x000000000001659b      0x199 Src/system_stm32f1xx.o

.debug_line     0x0000000000000000     0x7723
 .debug_line    0x0000000000000000      0x835 Drivers/STM32F1xx_HAL_Driver/Src/stm32f1xx_hal.o
 .debug_line    0x0000000000000835      0x90c Drivers/STM32F1xx_HAL_Driver/Src/stm32f1xx_hal_cortex.o
 .debug_line    0x0000000000001141      0x831 Drivers/STM32F1xx_HAL_Driver/Src/stm32f1xx_hal_gpio.o
 .debug_line    0x0000000000001972      0x8f5 Drivers/STM32F1xx_HAL_Driver/Src/stm32f1xx_hal_rcc.o
 .debug_line    0x0000000000002267     0x1f8e Drivers/STM32F1xx_HAL_Driver/Src/stm32f1xx_hal_tim.o
 .debug_line    0x00000000000041f5     0x112a Drivers/STM32F1xx_HAL_Driver/Src/stm32f1xx_hal_tim_ex.o
 .debug_line    0x000000000000531f      0x71d Src/main.o
 .debug_line    0x0000000000005a3c      0x85e Src/softuart.o
 .debug_line    0x000000000000629a      0x67f Src/stm32f1xx_hal_msp.o
 .debug_line    0x0000000000006919      0x70b Src/stm32f1xx_it.o
 .debug_line    0x0000000000007024      0x67d Src/system_stm32f1xx.o
 .debug_line    0x00000000000076a1       0x82 Startup/startup_stm32f103c8tx.o

.debug_str      0x0000000000000000    0x84129
 .debug_str     0x0000000000000000    0x81a78 Drivers/STM32F1xx_HAL_Driver/Src/stm32f1xx_hal.o
                                      0x81ef5 (size before relaxing)
 .debug_str     0x0000000000081a78      0x30a Drivers/STM32F1xx_HAL_Driver/Src/stm32f1xx_hal_cortex.o
                                      0x81efd (size before relaxing)
 .debug_str     0x0000000000081d82      0x3a9 Drivers/STM32F1xx_HAL_Driver/Src/stm32f1xx_hal_gpio.o
                                      0x81c28 (size before relaxing)
 .debug_str     0x000000000008212b      0x35f Drivers/STM32F1xx_HAL_Driver/Src/stm32f1xx_hal_rcc.o
                                      0x81c61 (size before relaxing)
 .debug_str     0x000000000008248a     0x1280 Drivers/STM32F1xx_HAL_Driver/Src/stm32f1xx_hal_tim.o
                                      0x82c33 (size before relaxing)
 .debug_str     0x000000000008370a      0x538 Drivers/STM32F1xx_HAL_Driver/Src/stm32f1xx_hal_tim_ex.o
                                      0x823e4 (size before relaxing)
 .debug_str     0x0000000000083c42      0x14b Src/main.o
                                      0x82077 (size before relaxing)
 .debug_str     0x0000000000083d8d      0x231 Src/softuart.o
                                      0x81b2b (size before relaxing)
 .debug_str     0x0000000000083fbe       0x25 Src/stm32f1xx_hal_msp.o
                                      0x8208d (size before relaxing)
 .debug_str     0x0000000000083fe3       0xc8 Src/stm32f1xx_it.o
                                      0x81db5 (size before relaxing)
 .debug_str     0x00000000000840ab       0x4d Src/system_stm32f1xx.o
                                      0x8185f (size before relaxing)
 .debug_str     0x00000000000840f8       0x31 Startup/startup_stm32f103c8tx.o
                                         0x75 (size before relaxing)

.comment        0x0000000000000000       0x7b
 .comment       0x0000000000000000       0x7b Drivers/STM32F1xx_HAL_Driver/Src/stm32f1xx_hal.o
                                         0x7c (size before relaxing)
 .comment       0x000000000000007b       0x7c Drivers/STM32F1xx_HAL_Driver/Src/stm32f1xx_hal_cortex.o
 .comment       0x000000000000007b       0x7c Drivers/STM32F1xx_HAL_Driver/Src/stm32f1xx_hal_gpio.o
 .comment       0x000000000000007b       0x7c Drivers/STM32F1xx_HAL_Driver/Src/stm32f1xx_hal_rcc.o
 .comment       0x000000000000007b       0x7c Drivers/STM32F1xx_HAL_Driver/Src/stm32f1xx_hal_tim.o
 .comment       0x000000000000007b       0x7c Drivers/STM32F1xx_HAL_Driver/Src/stm32f1xx_hal_tim_ex.o
 .comment       0x000000000000007b       0x7c Src/main.o
 .comment       0x000000000000007b       0x7c Src/softuart.o
 .comment       0x000000000000007b       0x7c Src/stm32f1xx_hal_msp.o
 .comment       0x000000000000007b       0x7c Src/stm32f1xx_it.o
 .comment       0x000000000000007b       0x7c Src/system_stm32f1xx.o

.debug_frame    0x0000000000000000     0x282c
 .debug_frame   0x0000000000000000      0x334 Drivers/STM32F1xx_HAL_Driver/Src/stm32f1xx_hal.o
 .debug_frame   0x0000000000000334      0x428 Drivers/STM32F1xx_HAL_Driver/Src/stm32f1xx_hal_cortex.o
 .debug_frame   0x000000000000075c      0x14c Drivers/STM32F1xx_HAL_Driver/Src/stm32f1xx_hal_gpio.o
 .debug_frame   0x00000000000008a8      0x21c Drivers/STM32F1xx_HAL_Driver/Src/stm32f1xx_hal_rcc.o
 .debug_frame   0x0000000000000ac4     0x11b8 Drivers/STM32F1xx_HAL_Driver/Src/stm32f1xx_hal_tim.o
 .debug_frame   0x0000000000001c7c      0x638 Drivers/STM32F1xx_HAL_Driver/Src/stm32f1xx_hal_tim_ex.o
 .debug_frame   0x00000000000022b4      0x104 Src/main.o
 .debug_frame   0x00000000000023b8      0x228 Src/softuart.o
 .debug_frame   0x00000000000025e0       0x80 Src/stm32f1xx_hal_msp.o
 .debug_frame   0x0000000000002660      0x128 Src/stm32f1xx_it.o
 .debug_frame   0x0000000000002788       0x58 Src/system_stm32f1xx.o
 .debug_frame   0x00000000000027e0       0x2c c:/st/stm32cubeide_1.0.2/stm32cubeide/plugins/com.st.stm32cube.ide.mcu.externaltools.gnu-tools-for-stm32.7-2018-q2-update.win32_1.0.0.201904181610/tools/bin/../lib/gcc/arm-none-eabi/7.3.1/../../../../arm-none-eabi/lib/thumb/v7-m\libc_nano.a(lib_a-init.o)
 .debug_frame   0x000000000000280c       0x20 c:/st/stm32cubeide_1.0.2/stm32cubeide/plugins/com.st.stm32cube.ide.mcu.externaltools.gnu-tools-for-stm32.7-2018-q2-update.win32_1.0.0.201904181610/tools/bin/../lib/gcc/arm-none-eabi/7.3.1/../../../../arm-none-eabi/lib/thumb/v7-m\libc_nano.a(lib_a-memset.o)
